../Core/Src/main.c:100:9:gencrc	32	static
../Core/Src/main.c:122:5:main	56	static
../Core/Src/main.c:261:6:SystemClock_Config	88	static
../Core/Src/main.c:307:13:MX_ADC1_Init	24	static
../Core/Src/main.c:359:13:MX_ADC2_Init	24	static
../Core/Src/main.c:411:13:MX_ADC3_Init	24	static
../Core/Src/main.c:463:13:MX_CAN1_Init	8	static
../Core/Src/main.c:500:13:MX_I2C1_Init	8	static
../Core/Src/main.c:534:13:MX_I2C2_Init	8	static
../Core/Src/main.c:568:13:MX_SPI1_Init	8	static
../Core/Src/main.c:606:13:MX_TIM12_Init	40	static
../Core/Src/main.c:648:13:MX_UART4_Init	8	static
../Core/Src/main.c:681:13:MX_USB_OTG_FS_PCD_Init	8	static
../Core/Src/main.c:716:13:MX_GPIO_Init	48	static
../Core/Src/main.c:758:6:Error_Handler	4	static,ignoring_inline_asm
