../Core/Src/main.c:73:5:main	16	static
../Core/Src/main.c:172:6:SystemClock_Config	88	static
../Core/Src/main.c:219:13:MX_FDCAN1_Init	8	static
../Core/Src/main.c:264:13:MX_TIM1_Init	40	static
../Core/Src/main.c:311:13:MX_TIM3_Init	64	static
../Core/Src/main.c:370:13:MX_TIM4_Init	40	static
../Core/Src/main.c:414:13:MX_GPIO_Init	40	static
../Core/Src/main.c:451:13:FDCAN_Config	40	static
../Core/Src/main.c:499:6:HAL_FDCAN_RxFifo0Callback	16	static
../Core/Src/main.c:557:6:Error_Handler	4	static,ignoring_inline_asm
